Running 10-view TTA: operator=min seed=42
{
  "checkpoint": "C:\\Users\\jafari.h\\Desktop\\ai_project\\ConvNeXt\\fine_tune_results_v3\\cifar100\\fully_ttfs\\seed_42\\best_checkpoint.pth",
  "weights_source": "model",
  "best_validation_accuracy": 72.84,
  "integrity": {
    "missing_keys": [],
    "unexpected_keys": [],
    "shape_mismatches": []
  }
}
{
  "mode": "none",
  "models": 1,
  "views_per_model": 1,
  "forward_passes_per_sample": 1,
  "loss": 1.2079654801368713,
  "accuracy": 72.42,
  "correct": 7242,
  "samples": 10000,
  "seconds": 14.282146692276001,
  "per_class_accuracy": {
    "apple": 87.0,
    "aquarium_fish": 82.0,
    "baby": 63.0,
    "bear": 55.0,
    "beaver": 56.0,
    "bed": 81.0,
    "bee": 78.0,
    "beetle": 77.0,
    "bicycle": 86.0,
    "bottle": 83.0,
    "bowl": 40.0,
    "boy": 50.0,
    "bridge": 79.0,
    "bus": 62.0,
    "butterfly": 66.0,
    "camel": 74.0,
    "can": 78.0,
    "castle": 88.0,
    "caterpillar": 70.0,
    "cattle": 63.0,
    "chair": 86.0,
    "chimpanzee": 87.0,
    "clock": 75.0,
    "cloud": 82.0,
    "cockroach": 83.0,
    "couch": 60.0,
    "crab": 62.0,
    "crocodile": 47.0,
    "cup": 79.0,
    "dinosaur": 73.0,
    "dolphin": 71.0,
    "elephant": 76.0,
    "flatfish": 68.0,
    "forest": 65.0,
    "fox": 81.0,
    "girl": 45.0,
    "hamster": 78.0,
    "house": 76.0,
    "kangaroo": 65.0,
    "keyboard": 87.0,
    "lamp": 67.0,
    "lawn_mower": 90.0,
    "leopard": 74.0,
    "lion": 79.0,
    "lizard": 49.0,
    "lobster": 56.0,
    "man": 54.0,
    "maple_tree": 72.0,
    "motorcycle": 93.0,
    "mountain": 88.0,
    "mouse": 56.0,
    "mushroom": 73.0,
    "oak_tree": 67.0,
    "orange": 94.0,
    "orchid": 85.0,
    "otter": 55.0,
    "palm_tree": 92.0,
    "pear": 79.0,
    "pickup_truck": 91.0,
    "pine_tree": 69.0,
    "plain": 89.0,
    "plate": 76.0,
    "poppy": 74.0,
    "porcupine": 70.0,
    "possum": 49.0,
    "rabbit": 54.0,
    "raccoon": 75.0,
    "ray": 55.0,
    "road": 95.0,
    "rocket": 85.0,
    "rose": 72.0,
    "sea": 87.0,
    "seal": 42.0,
    "shark": 58.0,
    "shrew": 57.0,
    "skunk": 92.0,
    "skyscraper": 90.0,
    "snail": 67.0,
    "snake": 62.0,
    "spider": 76.0,
    "squirrel": 63.0,
    "streetcar": 80.0,
    "sunflower": 94.0,
    "sweet_pepper": 60.0,
    "table": 65.0,
    "tank": 82.0,
    "telephone": 75.0,
    "television": 82.0,
    "tiger": 81.0,
    "tractor": 83.0,
    "train": 84.0,
    "trout": 80.0,
    "tulip": 60.0,
    "turtle": 52.0,
    "wardrobe": 96.0,
    "whale": 69.0,
    "willow_tree": 63.0,
    "wolf": 76.0,
    "woman": 50.0,
    "worm": 75.0
  }
}
{
  "mode": "flip_shift",
  "models": 1,
  "views_per_model": 10,
  "forward_passes_per_sample": 10,
  "loss": 1.1693151737213134,
  "accuracy": 73.91,
  "correct": 7391,
  "samples": 10000,
  "seconds": 19.481997966766357,
  "per_class_accuracy": {
    "apple": 86.0,
    "aquarium_fish": 83.0,
    "baby": 64.0,
    "bear": 54.0,
    "beaver": 55.0,
    "bed": 82.0,
    "bee": 78.0,
    "beetle": 78.0,
    "bicycle": 86.0,
    "bottle": 85.0,
    "bowl": 49.0,
    "boy": 49.0,
    "bridge": 79.0,
    "bus": 66.0,
    "butterfly": 66.0,
    "camel": 77.0,
    "can": 77.0,
    "castle": 88.0,
    "caterpillar": 73.0,
    "cattle": 68.0,
    "chair": 86.0,
    "chimpanzee": 87.0,
    "clock": 74.0,
    "cloud": 81.0,
    "cockroach": 87.0,
    "couch": 60.0,
    "crab": 67.0,
    "crocodile": 52.0,
    "cup": 81.0,
    "dinosaur": 73.0,
    "dolphin": 73.0,
    "elephant": 80.0,
    "flatfish": 70.0,
    "forest": 70.0,
    "fox": 80.0,
    "girl": 51.0,
    "hamster": 81.0,
    "house": 75.0,
    "kangaroo": 73.0,
    "keyboard": 87.0,
    "lamp": 71.0,
    "lawn_mower": 91.0,
    "leopard": 73.0,
    "lion": 82.0,
    "lizard": 49.0,
    "lobster": 58.0,
    "man": 55.0,
    "maple_tree": 76.0,
    "motorcycle": 94.0,
    "mountain": 88.0,
    "mouse": 58.0,
    "mushroom": 75.0,
    "oak_tree": 66.0,
    "orange": 94.0,
    "orchid": 85.0,
    "otter": 55.0,
    "palm_tree": 93.0,
    "pear": 79.0,
    "pickup_truck": 91.0,
    "pine_tree": 71.0,
    "plain": 87.0,
    "plate": 76.0,
    "poppy": 76.0,
    "porcupine": 68.0,
    "possum": 50.0,
    "rabbit": 57.0,
    "raccoon": 78.0,
    "ray": 61.0,
    "road": 95.0,
    "rocket": 87.0,
    "rose": 71.0,
    "sea": 89.0,
    "seal": 40.0,
    "shark": 59.0,
    "shrew": 58.0,
    "skunk": 94.0,
    "skyscraper": 90.0,
    "snail": 71.0,
    "snake": 64.0,
    "spider": 81.0,
    "squirrel": 63.0,
    "streetcar": 81.0,
    "sunflower": 92.0,
    "sweet_pepper": 65.0,
    "table": 68.0,
    "tank": 84.0,
    "telephone": 76.0,
    "television": 84.0,
    "tiger": 83.0,
    "tractor": 86.0,
    "train": 88.0,
    "trout": 82.0,
    "tulip": 62.0,
    "turtle": 51.0,
    "wardrobe": 96.0,
    "whale": 71.0,
    "willow_tree": 65.0,
    "wolf": 78.0,
    "woman": 51.0,
    "worm": 78.0
  }
}
Running 10-view TTA: operator=min seed=6543
{
  "checkpoint": "C:\\Users\\jafari.h\\Desktop\\ai_project\\ConvNeXt\\fine_tune_results_v3\\cifar100\\fully_ttfs\\seed_6543\\best_checkpoint.pth",
  "weights_source": "model",
  "best_validation_accuracy": 71.72,
  "integrity": {
    "missing_keys": [],
    "unexpected_keys": [],
    "shape_mismatches": []
  }
}
{
  "mode": "none",
  "models": 1,
  "views_per_model": 1,
  "forward_passes_per_sample": 1,
  "loss": 1.2340648569107056,
  "accuracy": 72.46,
  "correct": 7246,
  "samples": 10000,
  "seconds": 14.362582683563232,
  "per_class_accuracy": {
    "apple": 91.0,
    "aquarium_fish": 85.0,
    "baby": 68.0,
    "bear": 51.0,
    "beaver": 56.0,
    "bed": 75.0,
    "bee": 74.0,
    "beetle": 71.0,
    "bicycle": 86.0,
    "bottle": 79.0,
    "bowl": 57.0,
    "boy": 42.0,
    "bridge": 82.0,
    "bus": 67.0,
    "butterfly": 62.0,
    "camel": 73.0,
    "can": 72.0,
    "castle": 89.0,
    "caterpillar": 64.0,
    "cattle": 65.0,
    "chair": 88.0,
    "chimpanzee": 90.0,
    "clock": 66.0,
    "cloud": 86.0,
    "cockroach": 85.0,
    "couch": 60.0,
    "crab": 62.0,
    "crocodile": 53.0,
    "cup": 83.0,
    "dinosaur": 69.0,
    "dolphin": 74.0,
    "elephant": 75.0,
    "flatfish": 63.0,
    "forest": 59.0,
    "fox": 78.0,
    "girl": 53.0,
    "hamster": 81.0,
    "house": 76.0,
    "kangaroo": 65.0,
    "keyboard": 89.0,
    "lamp": 61.0,
    "lawn_mower": 89.0,
    "leopard": 73.0,
    "lion": 84.0,
    "lizard": 44.0,
    "lobster": 55.0,
    "man": 47.0,
    "maple_tree": 71.0,
    "motorcycle": 93.0,
    "mountain": 87.0,
    "mouse": 53.0,
    "mushroom": 76.0,
    "oak_tree": 70.0,
    "orange": 95.0,
    "orchid": 86.0,
    "otter": 41.0,
    "palm_tree": 91.0,
    "pear": 81.0,
    "pickup_truck": 85.0,
    "pine_tree": 73.0,
    "plain": 89.0,
    "plate": 74.0,
    "poppy": 75.0,
    "porcupine": 65.0,
    "possum": 53.0,
    "rabbit": 55.0,
    "raccoon": 82.0,
    "ray": 60.0,
    "road": 96.0,
    "rocket": 83.0,
    "rose": 69.0,
    "sea": 88.0,
    "seal": 47.0,
    "shark": 56.0,
    "shrew": 59.0,
    "skunk": 91.0,
    "skyscraper": 89.0,
    "snail": 71.0,
    "snake": 63.0,
    "spider": 71.0,
    "squirrel": 52.0,
    "streetcar": 78.0,
    "sunflower": 93.0,
    "sweet_pepper": 74.0,
    "table": 70.0,
    "tank": 86.0,
    "telephone": 76.0,
    "television": 84.0,
    "tiger": 81.0,
    "tractor": 85.0,
    "train": 83.0,
    "trout": 82.0,
    "tulip": 61.0,
    "turtle": 50.0,
    "wardrobe": 94.0,
    "whale": 74.0,
    "willow_tree": 61.0,
    "wolf": 78.0,
    "woman": 57.0,
    "worm": 72.0
  }
}
{
  "mode": "flip_shift",
  "models": 1,
  "views_per_model": 10,
  "forward_passes_per_sample": 10,
  "loss": 1.2011928146362305,
  "accuracy": 73.43,
  "correct": 7343,
  "samples": 10000,
  "seconds": 19.549156427383423,
  "per_class_accuracy": {
    "apple": 89.0,
    "aquarium_fish": 85.0,
    "baby": 70.0,
    "bear": 53.0,
    "beaver": 61.0,
    "bed": 77.0,
    "bee": 78.0,
    "beetle": 70.0,
    "bicycle": 87.0,
    "bottle": 80.0,
    "bowl": 57.0,
    "boy": 44.0,
    "bridge": 85.0,
    "bus": 66.0,
    "butterfly": 64.0,
    "camel": 76.0,
    "can": 73.0,
    "castle": 90.0,
    "caterpillar": 64.0,
    "cattle": 64.0,
    "chair": 87.0,
    "chimpanzee": 89.0,
    "clock": 67.0,
    "cloud": 87.0,
    "cockroach": 85.0,
    "couch": 60.0,
    "crab": 61.0,
    "crocodile": 57.0,
    "cup": 83.0,
    "dinosaur": 70.0,
    "dolphin": 72.0,
    "elephant": 74.0,
    "flatfish": 63.0,
    "forest": 60.0,
    "fox": 78.0,
    "girl": 52.0,
    "hamster": 81.0,
    "house": 82.0,
    "kangaroo": 68.0,
    "keyboard": 88.0,
    "lamp": 63.0,
    "lawn_mower": 90.0,
    "leopard": 73.0,
    "lion": 86.0,
    "lizard": 51.0,
    "lobster": 59.0,
    "man": 50.0,
    "maple_tree": 71.0,
    "motorcycle": 94.0,
    "mountain": 91.0,
    "mouse": 53.0,
    "mushroom": 76.0,
    "oak_tree": 70.0,
    "orange": 96.0,
    "orchid": 86.0,
    "otter": 41.0,
    "palm_tree": 91.0,
    "pear": 84.0,
    "pickup_truck": 89.0,
    "pine_tree": 75.0,
    "plain": 89.0,
    "plate": 75.0,
    "poppy": 73.0,
    "porcupine": 65.0,
    "possum": 53.0,
    "rabbit": 60.0,
    "raccoon": 82.0,
    "ray": 62.0,
    "road": 97.0,
    "rocket": 81.0,
    "rose": 70.0,
    "sea": 88.0,
    "seal": 48.0,
    "shark": 58.0,
    "shrew": 58.0,
    "skunk": 90.0,
    "skyscraper": 90.0,
    "snail": 67.0,
    "snake": 65.0,
    "spider": 70.0,
    "squirrel": 55.0,
    "streetcar": 76.0,
    "sunflower": 95.0,
    "sweet_pepper": 75.0,
    "table": 72.0,
    "tank": 86.0,
    "telephone": 75.0,
    "television": 85.0,
    "tiger": 83.0,
    "tractor": 87.0,
    "train": 84.0,
    "trout": 84.0,
    "tulip": 63.0,
    "turtle": 52.0,
    "wardrobe": 93.0,
    "whale": 74.0,
    "willow_tree": 65.0,
    "wolf": 79.0,
    "woman": 57.0,
    "worm": 76.0
  }
}
Running 10-view TTA: operator=min seed=7777
{
  "checkpoint": "C:\\Users\\jafari.h\\Desktop\\ai_project\\ConvNeXt\\fine_tune_results_v3\\cifar100\\fully_ttfs\\seed_7777\\best_checkpoint.pth",
  "weights_source": "model",
  "best_validation_accuracy": 74.04,
  "integrity": {
    "missing_keys": [],
    "unexpected_keys": [],
    "shape_mismatches": []
  }
}
{
  "mode": "none",
  "models": 1,
  "views_per_model": 1,
  "forward_passes_per_sample": 1,
  "loss": 1.217506187057495,
  "accuracy": 72.39,
  "correct": 7239,
  "samples": 10000,
  "seconds": 14.004181385040283,
  "per_class_accuracy": {
    "apple": 87.0,
    "aquarium_fish": 88.0,
    "baby": 58.0,
    "bear": 61.0,
    "beaver": 62.0,
    "bed": 85.0,
    "bee": 83.0,
    "beetle": 72.0,
    "bicycle": 85.0,
    "bottle": 81.0,
    "bowl": 52.0,
    "boy": 48.0,
    "bridge": 76.0,
    "bus": 58.0,
    "butterfly": 58.0,
    "camel": 74.0,
    "can": 71.0,
    "castle": 87.0,
    "caterpillar": 63.0,
    "cattle": 69.0,
    "chair": 87.0,
    "chimpanzee": 87.0,
    "clock": 75.0,
    "cloud": 86.0,
    "cockroach": 87.0,
    "couch": 63.0,
    "crab": 71.0,
    "crocodile": 49.0,
    "cup": 83.0,
    "dinosaur": 70.0,
    "dolphin": 57.0,
    "elephant": 76.0,
    "flatfish": 66.0,
    "forest": 61.0,
    "fox": 71.0,
    "girl": 47.0,
    "hamster": 79.0,
    "house": 69.0,
    "kangaroo": 60.0,
    "keyboard": 91.0,
    "lamp": 67.0,
    "lawn_mower": 86.0,
    "leopard": 74.0,
    "lion": 84.0,
    "lizard": 43.0,
    "lobster": 52.0,
    "man": 52.0,
    "maple_tree": 75.0,
    "motorcycle": 92.0,
    "mountain": 89.0,
    "mouse": 51.0,
    "mushroom": 78.0,
    "oak_tree": 71.0,
    "orange": 92.0,
    "orchid": 91.0,
    "otter": 37.0,
    "palm_tree": 92.0,
    "pear": 78.0,
    "pickup_truck": 87.0,
    "pine_tree": 66.0,
    "plain": 86.0,
    "plate": 81.0,
    "poppy": 75.0,
    "porcupine": 68.0,
    "possum": 53.0,
    "rabbit": 54.0,
    "raccoon": 74.0,
    "ray": 62.0,
    "road": 97.0,
    "rocket": 85.0,
    "rose": 69.0,
    "sea": 85.0,
    "seal": 38.0,
    "shark": 62.0,
    "shrew": 55.0,
    "skunk": 94.0,
    "skyscraper": 93.0,
    "snail": 63.0,
    "snake": 63.0,
    "spider": 75.0,
    "squirrel": 52.0,
    "streetcar": 77.0,
    "sunflower": 95.0,
    "sweet_pepper": 72.0,
    "table": 61.0,
    "tank": 84.0,
    "telephone": 72.0,
    "television": 81.0,
    "tiger": 83.0,
    "tractor": 86.0,
    "train": 83.0,
    "trout": 86.0,
    "tulip": 60.0,
    "turtle": 55.0,
    "wardrobe": 94.0,
    "whale": 78.0,
    "willow_tree": 74.0,
    "wolf": 74.0,
    "woman": 50.0,
    "worm": 80.0
  }
}
{
  "mode": "flip_shift",
  "models": 1,
  "views_per_model": 10,
  "forward_passes_per_sample": 10,
  "loss": 1.1821279958724975,
  "accuracy": 73.81,
  "correct": 7381,
  "samples": 10000,
  "seconds": 18.739286184310913,
  "per_class_accuracy": {
    "apple": 88.0,
    "aquarium_fish": 90.0,
    "baby": 61.0,
    "bear": 62.0,
    "beaver": 65.0,
    "bed": 86.0,
    "bee": 81.0,
    "beetle": 72.0,
    "bicycle": 85.0,
    "bottle": 83.0,
    "bowl": 57.0,
    "boy": 50.0,
    "bridge": 75.0,
    "bus": 64.0,
    "butterfly": 63.0,
    "camel": 78.0,
    "can": 73.0,
    "castle": 87.0,
    "caterpillar": 65.0,
    "cattle": 69.0,
    "chair": 86.0,
    "chimpanzee": 89.0,
    "clock": 74.0,
    "cloud": 86.0,
    "cockroach": 88.0,
    "couch": 63.0,
    "crab": 72.0,
    "crocodile": 55.0,
    "cup": 85.0,
    "dinosaur": 73.0,
    "dolphin": 60.0,
    "elephant": 83.0,
    "flatfish": 66.0,
    "forest": 64.0,
    "fox": 72.0,
    "girl": 48.0,
    "hamster": 80.0,
    "house": 69.0,
    "kangaroo": 61.0,
    "keyboard": 91.0,
    "lamp": 68.0,
    "lawn_mower": 87.0,
    "leopard": 75.0,
    "lion": 83.0,
    "lizard": 47.0,
    "lobster": 50.0,
    "man": 52.0,
    "maple_tree": 74.0,
    "motorcycle": 91.0,
    "mountain": 90.0,
    "mouse": 54.0,
    "mushroom": 77.0,
    "oak_tree": 73.0,
    "orange": 92.0,
    "orchid": 90.0,
    "otter": 42.0,
    "palm_tree": 93.0,
    "pear": 76.0,
    "pickup_truck": 89.0,
    "pine_tree": 69.0,
    "plain": 88.0,
    "plate": 78.0,
    "poppy": 76.0,
    "porcupine": 71.0,
    "possum": 56.0,
    "rabbit": 55.0,
    "raccoon": 76.0,
    "ray": 65.0,
    "road": 97.0,
    "rocket": 87.0,
    "rose": 72.0,
    "sea": 87.0,
    "seal": 42.0,
    "shark": 63.0,
    "shrew": 52.0,
    "skunk": 95.0,
    "skyscraper": 94.0,
    "snail": 69.0,
    "snake": 63.0,
    "spider": 79.0,
    "squirrel": 56.0,
    "streetcar": 78.0,
    "sunflower": 95.0,
    "sweet_pepper": 73.0,
    "table": 65.0,
    "tank": 84.0,
    "telephone": 73.0,
    "television": 84.0,
    "tiger": 84.0,
    "tractor": 91.0,
    "train": 84.0,
    "trout": 85.0,
    "tulip": 62.0,
    "turtle": 54.0,
    "wardrobe": 95.0,
    "whale": 79.0,
    "willow_tree": 74.0,
    "wolf": 79.0,
    "woman": 50.0,
    "worm": 80.0
  }
}
Running 10-view TTA: operator=mean seed=42
{
  "checkpoint": "C:\\Users\\jafari.h\\Desktop\\ai_project\\ConvNeXt\\fine_tune_results_v3\\cifar100\\ablation_residual\\mean\\seed_42\\best_checkpoint.pth",
  "weights_source": "model",
  "best_validation_accuracy": 72.72,
  "integrity": {
    "missing_keys": [],
    "unexpected_keys": [],
    "shape_mismatches": []
  }
}
{
  "mode": "none",
  "models": 1,
  "views_per_model": 1,
  "forward_passes_per_sample": 1,
  "loss": 1.206731592941284,
  "accuracy": 72.33,
  "correct": 7233,
  "samples": 10000,
  "seconds": 13.605904340744019,
  "per_class_accuracy": {
    "apple": 89.0,
    "aquarium_fish": 82.0,
    "baby": 57.0,
    "bear": 56.0,
    "beaver": 56.0,
    "bed": 78.0,
    "bee": 77.0,
    "beetle": 76.0,
    "bicycle": 87.0,
    "bottle": 84.0,
    "bowl": 41.0,
    "boy": 46.0,
    "bridge": 77.0,
    "bus": 67.0,
    "butterfly": 69.0,
    "camel": 74.0,
    "can": 70.0,
    "castle": 87.0,
    "caterpillar": 71.0,
    "cattle": 65.0,
    "chair": 89.0,
    "chimpanzee": 91.0,
    "clock": 67.0,
    "cloud": 88.0,
    "cockroach": 83.0,
    "couch": 60.0,
    "crab": 67.0,
    "crocodile": 57.0,
    "cup": 84.0,
    "dinosaur": 72.0,
    "dolphin": 72.0,
    "elephant": 78.0,
    "flatfish": 65.0,
    "forest": 67.0,
    "fox": 75.0,
    "girl": 49.0,
    "hamster": 73.0,
    "house": 73.0,
    "kangaroo": 68.0,
    "keyboard": 88.0,
    "lamp": 64.0,
    "lawn_mower": 89.0,
    "leopard": 75.0,
    "lion": 85.0,
    "lizard": 49.0,
    "lobster": 64.0,
    "man": 48.0,
    "maple_tree": 71.0,
    "motorcycle": 94.0,
    "mountain": 88.0,
    "mouse": 50.0,
    "mushroom": 71.0,
    "oak_tree": 69.0,
    "orange": 93.0,
    "orchid": 76.0,
    "otter": 47.0,
    "palm_tree": 90.0,
    "pear": 76.0,
    "pickup_truck": 90.0,
    "pine_tree": 71.0,
    "plain": 87.0,
    "plate": 80.0,
    "poppy": 78.0,
    "porcupine": 68.0,
    "possum": 46.0,
    "rabbit": 57.0,
    "raccoon": 71.0,
    "ray": 56.0,
    "road": 96.0,
    "rocket": 83.0,
    "rose": 73.0,
    "sea": 84.0,
    "seal": 39.0,
    "shark": 56.0,
    "shrew": 56.0,
    "skunk": 94.0,
    "skyscraper": 93.0,
    "snail": 67.0,
    "snake": 65.0,
    "spider": 73.0,
    "squirrel": 54.0,
    "streetcar": 79.0,
    "sunflower": 93.0,
    "sweet_pepper": 64.0,
    "table": 69.0,
    "tank": 80.0,
    "telephone": 75.0,
    "television": 83.0,
    "tiger": 80.0,
    "tractor": 85.0,
    "train": 83.0,
    "trout": 81.0,
    "tulip": 60.0,
    "turtle": 50.0,
    "wardrobe": 93.0,
    "whale": 74.0,
    "willow_tree": 70.0,
    "wolf": 75.0,
    "woman": 49.0,
    "worm": 79.0
  }
}
{
  "mode": "flip_shift",
  "models": 1,
  "views_per_model": 10,
  "forward_passes_per_sample": 10,
  "loss": 1.1774330291748047,
  "accuracy": 73.42,
  "correct": 7342,
  "samples": 10000,
  "seconds": 18.44532012939453,
  "per_class_accuracy": {
    "apple": 89.0,
    "aquarium_fish": 81.0,
    "baby": 60.0,
    "bear": 57.0,
    "beaver": 61.0,
    "bed": 81.0,
    "bee": 77.0,
    "beetle": 75.0,
    "bicycle": 87.0,
    "bottle": 85.0,
    "bowl": 42.0,
    "boy": 47.0,
    "bridge": 81.0,
    "bus": 65.0,
    "butterfly": 68.0,
    "camel": 79.0,
    "can": 70.0,
    "castle": 89.0,
    "caterpillar": 71.0,
    "cattle": 64.0,
    "chair": 89.0,
    "chimpanzee": 93.0,
    "clock": 69.0,
    "cloud": 87.0,
    "cockroach": 83.0,
    "couch": 62.0,
    "crab": 69.0,
    "crocodile": 59.0,
    "cup": 81.0,
    "dinosaur": 71.0,
    "dolphin": 76.0,
    "elephant": 78.0,
    "flatfish": 66.0,
    "forest": 68.0,
    "fox": 76.0,
    "girl": 49.0,
    "hamster": 76.0,
    "house": 75.0,
    "kangaroo": 70.0,
    "keyboard": 87.0,
    "lamp": 68.0,
    "lawn_mower": 90.0,
    "leopard": 75.0,
    "lion": 85.0,
    "lizard": 51.0,
    "lobster": 60.0,
    "man": 52.0,
    "maple_tree": 75.0,
    "motorcycle": 97.0,
    "mountain": 89.0,
    "mouse": 49.0,
    "mushroom": 72.0,
    "oak_tree": 71.0,
    "orange": 94.0,
    "orchid": 80.0,
    "otter": 45.0,
    "palm_tree": 94.0,
    "pear": 76.0,
    "pickup_truck": 93.0,
    "pine_tree": 70.0,
    "plain": 90.0,
    "plate": 81.0,
    "poppy": 78.0,
    "porcupine": 70.0,
    "possum": 47.0,
    "rabbit": 58.0,
    "raccoon": 79.0,
    "ray": 59.0,
    "road": 95.0,
    "rocket": 85.0,
    "rose": 75.0,
    "sea": 84.0,
    "seal": 39.0,
    "shark": 62.0,
    "shrew": 57.0,
    "skunk": 96.0,
    "skyscraper": 93.0,
    "snail": 66.0,
    "snake": 65.0,
    "spider": 73.0,
    "squirrel": 57.0,
    "streetcar": 81.0,
    "sunflower": 93.0,
    "sweet_pepper": 67.0,
    "table": 68.0,
    "tank": 82.0,
    "telephone": 76.0,
    "television": 84.0,
    "tiger": 82.0,
    "tractor": 86.0,
    "train": 83.0,
    "trout": 81.0,
    "tulip": 61.0,
    "turtle": 51.0,
    "wardrobe": 95.0,
    "whale": 74.0,
    "willow_tree": 70.0,
    "wolf": 75.0,
    "woman": 48.0,
    "worm": 77.0
  }
}
Running 10-view TTA: operator=mean seed=6543
{
  "checkpoint": "C:\\Users\\jafari.h\\Desktop\\ai_project\\ConvNeXt\\fine_tune_results_v3\\cifar100\\ablation_residual\\mean\\seed_6543\\best_checkpoint.pth",
  "weights_source": "model",
  "best_validation_accuracy": 69.5,
  "integrity": {
    "missing_keys": [],
    "unexpected_keys": [],
    "shape_mismatches": []
  }
}
{
  "mode": "none",
  "models": 1,
  "views_per_model": 1,
  "forward_passes_per_sample": 1,
  "loss": 1.2671994813919067,
  "accuracy": 70.0,
  "correct": 7000,
  "samples": 10000,
  "seconds": 13.556140661239624,
  "per_class_accuracy": {
    "apple": 87.0,
    "aquarium_fish": 75.0,
    "baby": 64.0,
    "bear": 51.0,
    "beaver": 61.0,
    "bed": 76.0,
    "bee": 71.0,
    "beetle": 64.0,
    "bicycle": 80.0,
    "bottle": 73.0,
    "bowl": 43.0,
    "boy": 40.0,
    "bridge": 81.0,
    "bus": 66.0,
    "butterfly": 61.0,
    "camel": 76.0,
    "can": 71.0,
    "castle": 86.0,
    "caterpillar": 62.0,
    "cattle": 56.0,
    "chair": 90.0,
    "chimpanzee": 86.0,
    "clock": 62.0,
    "cloud": 84.0,
    "cockroach": 86.0,
    "couch": 62.0,
    "crab": 58.0,
    "crocodile": 53.0,
    "cup": 79.0,
    "dinosaur": 68.0,
    "dolphin": 71.0,
    "elephant": 69.0,
    "flatfish": 59.0,
    "forest": 57.0,
    "fox": 73.0,
    "girl": 46.0,
    "hamster": 77.0,
    "house": 71.0,
    "kangaroo": 65.0,
    "keyboard": 86.0,
    "lamp": 58.0,
    "lawn_mower": 88.0,
    "leopard": 67.0,
    "lion": 79.0,
    "lizard": 45.0,
    "lobster": 58.0,
    "man": 43.0,
    "maple_tree": 70.0,
    "motorcycle": 94.0,
    "mountain": 90.0,
    "mouse": 55.0,
    "mushroom": 68.0,
    "oak_tree": 68.0,
    "orange": 95.0,
    "orchid": 79.0,
    "otter": 36.0,
    "palm_tree": 91.0,
    "pear": 74.0,
    "pickup_truck": 85.0,
    "pine_tree": 74.0,
    "plain": 90.0,
    "plate": 76.0,
    "poppy": 74.0,
    "porcupine": 68.0,
    "possum": 46.0,
    "rabbit": 54.0,
    "raccoon": 70.0,
    "ray": 54.0,
    "road": 95.0,
    "rocket": 79.0,
    "rose": 76.0,
    "sea": 84.0,
    "seal": 45.0,
    "shark": 53.0,
    "shrew": 56.0,
    "skunk": 85.0,
    "skyscraper": 90.0,
    "snail": 62.0,
    "snake": 63.0,
    "spider": 72.0,
    "squirrel": 51.0,
    "streetcar": 72.0,
    "sunflower": 88.0,
    "sweet_pepper": 75.0,
    "table": 66.0,
    "tank": 83.0,
    "telephone": 72.0,
    "television": 79.0,
    "tiger": 79.0,
    "tractor": 83.0,
    "train": 85.0,
    "trout": 80.0,
    "tulip": 62.0,
    "turtle": 50.0,
    "wardrobe": 96.0,
    "whale": 72.0,
    "willow_tree": 58.0,
    "wolf": 71.0,
    "woman": 47.0,
    "worm": 76.0
  }
}
{
  "mode": "flip_shift",
  "models": 1,
  "views_per_model": 10,
  "forward_passes_per_sample": 10,
  "loss": 1.2321816613197327,
  "accuracy": 70.98,
  "correct": 7098,
  "samples": 10000,
  "seconds": 18.48378038406372,
  "per_class_accuracy": {
    "apple": 88.0,
    "aquarium_fish": 80.0,
    "baby": 62.0,
    "bear": 49.0,
    "beaver": 63.0,
    "bed": 74.0,
    "bee": 75.0,
    "beetle": 68.0,
    "bicycle": 82.0,
    "bottle": 76.0,
    "bowl": 45.0,
    "boy": 40.0,
    "bridge": 82.0,
    "bus": 64.0,
    "butterfly": 64.0,
    "camel": 76.0,
    "can": 71.0,
    "castle": 85.0,
    "caterpillar": 62.0,
    "cattle": 56.0,
    "chair": 87.0,
    "chimpanzee": 86.0,
    "clock": 65.0,
    "cloud": 84.0,
    "cockroach": 88.0,
    "couch": 60.0,
    "crab": 57.0,
    "crocodile": 57.0,
    "cup": 82.0,
    "dinosaur": 72.0,
    "dolphin": 74.0,
    "elephant": 71.0,
    "flatfish": 65.0,
    "forest": 59.0,
    "fox": 73.0,
    "girl": 47.0,
    "hamster": 79.0,
    "house": 73.0,
    "kangaroo": 63.0,
    "keyboard": 88.0,
    "lamp": 61.0,
    "lawn_mower": 88.0,
    "leopard": 70.0,
    "lion": 78.0,
    "lizard": 49.0,
    "lobster": 62.0,
    "man": 44.0,
    "maple_tree": 71.0,
    "motorcycle": 94.0,
    "mountain": 89.0,
    "mouse": 58.0,
    "mushroom": 72.0,
    "oak_tree": 71.0,
    "orange": 96.0,
    "orchid": 81.0,
    "otter": 34.0,
    "palm_tree": 91.0,
    "pear": 77.0,
    "pickup_truck": 87.0,
    "pine_tree": 76.0,
    "plain": 90.0,
    "plate": 76.0,
    "poppy": 75.0,
    "porcupine": 68.0,
    "possum": 45.0,
    "rabbit": 56.0,
    "raccoon": 71.0,
    "ray": 53.0,
    "road": 94.0,
    "rocket": 82.0,
    "rose": 76.0,
    "sea": 84.0,
    "seal": 42.0,
    "shark": 55.0,
    "shrew": 57.0,
    "skunk": 88.0,
    "skyscraper": 91.0,
    "snail": 61.0,
    "snake": 64.0,
    "spider": 72.0,
    "squirrel": 52.0,
    "streetcar": 75.0,
    "sunflower": 89.0,
    "sweet_pepper": 72.0,
    "table": 68.0,
    "tank": 81.0,
    "telephone": 74.0,
    "television": 80.0,
    "tiger": 84.0,
    "tractor": 83.0,
    "train": 83.0,
    "trout": 80.0,
    "tulip": 64.0,
    "turtle": 47.0,
    "wardrobe": 97.0,
    "whale": 75.0,
    "willow_tree": 59.0,
    "wolf": 72.0,
    "woman": 45.0,
    "worm": 77.0
  }
}
Running 10-view TTA: operator=mean seed=7777
{
  "checkpoint": "C:\\Users\\jafari.h\\Desktop\\ai_project\\ConvNeXt\\fine_tune_results_v3\\cifar100\\ablation_residual\\mean\\seed_7777\\best_checkpoint.pth",
  "weights_source": "model",
  "best_validation_accuracy": 72.86,
  "integrity": {
    "missing_keys": [],
    "unexpected_keys": [],
    "shape_mismatches": []
  }
}
{
  "mode": "none",
  "models": 1,
  "views_per_model": 1,
  "forward_passes_per_sample": 1,
  "loss": 1.2481746530532838,
  "accuracy": 71.83,
  "correct": 7183,
  "samples": 10000,
  "seconds": 13.399160861968994,
  "per_class_accuracy": {
    "apple": 87.0,
    "aquarium_fish": 85.0,
    "baby": 59.0,
    "bear": 46.0,
    "beaver": 62.0,
    "bed": 81.0,
    "bee": 83.0,
    "beetle": 76.0,
    "bicycle": 86.0,
    "bottle": 81.0,
    "bowl": 44.0,
    "boy": 48.0,
    "bridge": 80.0,
    "bus": 64.0,
    "butterfly": 63.0,
    "camel": 79.0,
    "can": 71.0,
    "castle": 89.0,
    "caterpillar": 59.0,
    "cattle": 63.0,
    "chair": 86.0,
    "chimpanzee": 86.0,
    "clock": 74.0,
    "cloud": 85.0,
    "cockroach": 87.0,
    "couch": 65.0,
    "crab": 65.0,
    "crocodile": 58.0,
    "cup": 85.0,
    "dinosaur": 68.0,
    "dolphin": 61.0,
    "elephant": 74.0,
    "flatfish": 59.0,
    "forest": 63.0,
    "fox": 76.0,
    "girl": 45.0,
    "hamster": 74.0,
    "house": 81.0,
    "kangaroo": 67.0,
    "keyboard": 92.0,
    "lamp": 59.0,
    "lawn_mower": 90.0,
    "leopard": 73.0,
    "lion": 85.0,
    "lizard": 51.0,
    "lobster": 60.0,
    "man": 44.0,
    "maple_tree": 73.0,
    "motorcycle": 95.0,
    "mountain": 89.0,
    "mouse": 44.0,
    "mushroom": 73.0,
    "oak_tree": 75.0,
    "orange": 95.0,
    "orchid": 79.0,
    "otter": 36.0,
    "palm_tree": 94.0,
    "pear": 79.0,
    "pickup_truck": 87.0,
    "pine_tree": 68.0,
    "plain": 87.0,
    "plate": 75.0,
    "poppy": 75.0,
    "porcupine": 60.0,
    "possum": 48.0,
    "rabbit": 50.0,
    "raccoon": 68.0,
    "ray": 61.0,
    "road": 93.0,
    "rocket": 82.0,
    "rose": 68.0,
    "sea": 85.0,
    "seal": 42.0,
    "shark": 56.0,
    "shrew": 56.0,
    "skunk": 93.0,
    "skyscraper": 93.0,
    "snail": 64.0,
    "snake": 62.0,
    "spider": 78.0,
    "squirrel": 55.0,
    "streetcar": 79.0,
    "sunflower": 91.0,
    "sweet_pepper": 68.0,
    "table": 63.0,
    "tank": 83.0,
    "telephone": 76.0,
    "television": 86.0,
    "tiger": 84.0,
    "tractor": 82.0,
    "train": 84.0,
    "trout": 86.0,
    "tulip": 65.0,
    "turtle": 47.0,
    "wardrobe": 96.0,
    "whale": 73.0,
    "willow_tree": 65.0,
    "wolf": 76.0,
    "woman": 47.0,
    "worm": 75.0
  }
}
{
  "mode": "flip_shift",
  "models": 1,
  "views_per_model": 10,
  "forward_passes_per_sample": 10,
  "loss": 1.2148101879119872,
  "accuracy": 73.31,
  "correct": 7331,
  "samples": 10000,
  "seconds": 18.5167179107666,
  "per_class_accuracy": {
    "apple": 88.0,
    "aquarium_fish": 83.0,
    "baby": 59.0,
    "bear": 47.0,
    "beaver": 65.0,
    "bed": 83.0,
    "bee": 82.0,
    "beetle": 77.0,
    "bicycle": 87.0,
    "bottle": 83.0,
    "bowl": 47.0,
    "boy": 47.0,
    "bridge": 82.0,
    "bus": 66.0,
    "butterfly": 69.0,
    "camel": 83.0,
    "can": 71.0,
    "castle": 88.0,
    "caterpillar": 62.0,
    "cattle": 66.0,
    "chair": 87.0,
    "chimpanzee": 90.0,
    "clock": 71.0,
    "cloud": 88.0,
    "cockroach": 89.0,
    "couch": 67.0,
    "crab": 64.0,
    "crocodile": 60.0,
    "cup": 85.0,
    "dinosaur": 72.0,
    "dolphin": 61.0,
    "elephant": 79.0,
    "flatfish": 64.0,
    "forest": 64.0,
    "fox": 79.0,
    "girl": 50.0,
    "hamster": 75.0,
    "house": 79.0,
    "kangaroo": 70.0,
    "keyboard": 92.0,
    "lamp": 64.0,
    "lawn_mower": 88.0,
    "leopard": 71.0,
    "lion": 84.0,
    "lizard": 52.0,
    "lobster": 63.0,
    "man": 48.0,
    "maple_tree": 75.0,
    "motorcycle": 95.0,
    "mountain": 92.0,
    "mouse": 43.0,
    "mushroom": 77.0,
    "oak_tree": 73.0,
    "orange": 96.0,
    "orchid": 81.0,
    "otter": 37.0,
    "palm_tree": 94.0,
    "pear": 77.0,
    "pickup_truck": 87.0,
    "pine_tree": 69.0,
    "plain": 89.0,
    "plate": 78.0,
    "poppy": 75.0,
    "porcupine": 62.0,
    "possum": 50.0,
    "rabbit": 56.0,
    "raccoon": 70.0,
    "ray": 60.0,
    "road": 95.0,
    "rocket": 82.0,
    "rose": 69.0,
    "sea": 85.0,
    "seal": 44.0,
    "shark": 62.0,
    "shrew": 57.0,
    "skunk": 93.0,
    "skyscraper": 93.0,
    "snail": 65.0,
    "snake": 63.0,
    "spider": 78.0,
    "squirrel": 55.0,
    "streetcar": 76.0,
    "sunflower": 92.0,
    "sweet_pepper": 74.0,
    "table": 67.0,
    "tank": 85.0,
    "telephone": 77.0,
    "television": 87.0,
    "tiger": 86.0,
    "tractor": 84.0,
    "train": 85.0,
    "trout": 87.0,
    "tulip": 69.0,
    "turtle": 50.0,
    "wardrobe": 96.0,
    "whale": 77.0,
    "willow_tree": 68.0,
    "wolf": 78.0,
    "woman": 46.0,
    "worm": 79.0
  }
}
Running 10-view TTA: operator=learnable_gate seed=42
{
  "checkpoint": "C:\\Users\\jafari.h\\Desktop\\ai_project\\ConvNeXt\\fine_tune_results_v3\\cifar100\\ablation_residual\\learnable_gate\\seed_42\\best_checkpoint.pth",
  "weights_source": "model",
  "best_validation_accuracy": 72.54,
  "integrity": {
    "missing_keys": [],
    "unexpected_keys": [],
    "shape_mismatches": []
  }
}
{
  "mode": "none",
  "models": 1,
  "views_per_model": 1,
  "forward_passes_per_sample": 1,
  "loss": 1.2143090616226195,
  "accuracy": 71.55,
  "correct": 7155,
  "samples": 10000,
  "seconds": 13.611648797988892,
  "per_class_accuracy": {
    "apple": 88.0,
    "aquarium_fish": 86.0,
    "baby": 60.0,
    "bear": 51.0,
    "beaver": 49.0,
    "bed": 76.0,
    "bee": 76.0,
    "beetle": 78.0,
    "bicycle": 83.0,
    "bottle": 84.0,
    "bowl": 45.0,
    "boy": 46.0,
    "bridge": 83.0,
    "bus": 63.0,
    "butterfly": 61.0,
    "camel": 76.0,
    "can": 73.0,
    "castle": 89.0,
    "caterpillar": 64.0,
    "cattle": 59.0,
    "chair": 87.0,
    "chimpanzee": 89.0,
    "clock": 66.0,
    "cloud": 87.0,
    "cockroach": 82.0,
    "couch": 60.0,
    "crab": 69.0,
    "crocodile": 51.0,
    "cup": 80.0,
    "dinosaur": 70.0,
    "dolphin": 67.0,
    "elephant": 75.0,
    "flatfish": 68.0,
    "forest": 60.0,
    "fox": 73.0,
    "girl": 48.0,
    "hamster": 76.0,
    "house": 76.0,
    "kangaroo": 66.0,
    "keyboard": 85.0,
    "lamp": 68.0,
    "lawn_mower": 87.0,
    "leopard": 67.0,
    "lion": 85.0,
    "lizard": 50.0,
    "lobster": 54.0,
    "man": 54.0,
    "maple_tree": 72.0,
    "motorcycle": 96.0,
    "mountain": 90.0,
    "mouse": 48.0,
    "mushroom": 71.0,
    "oak_tree": 68.0,
    "orange": 95.0,
    "orchid": 78.0,
    "otter": 44.0,
    "palm_tree": 94.0,
    "pear": 76.0,
    "pickup_truck": 90.0,
    "pine_tree": 70.0,
    "plain": 88.0,
    "plate": 75.0,
    "poppy": 76.0,
    "porcupine": 66.0,
    "possum": 48.0,
    "rabbit": 53.0,
    "raccoon": 72.0,
    "ray": 60.0,
    "road": 95.0,
    "rocket": 82.0,
    "rose": 71.0,
    "sea": 89.0,
    "seal": 42.0,
    "shark": 57.0,
    "shrew": 60.0,
    "skunk": 92.0,
    "skyscraper": 91.0,
    "snail": 62.0,
    "snake": 62.0,
    "spider": 72.0,
    "squirrel": 53.0,
    "streetcar": 81.0,
    "sunflower": 91.0,
    "sweet_pepper": 66.0,
    "table": 67.0,
    "tank": 84.0,
    "telephone": 76.0,
    "television": 82.0,
    "tiger": 82.0,
    "tractor": 82.0,
    "train": 83.0,
    "trout": 79.0,
    "tulip": 59.0,
    "turtle": 47.0,
    "wardrobe": 91.0,
    "whale": 74.0,
    "willow_tree": 67.0,
    "wolf": 79.0,
    "woman": 39.0,
    "worm": 78.0
  }
}
{
  "mode": "flip_shift",
  "models": 1,
  "views_per_model": 10,
  "forward_passes_per_sample": 10,
  "loss": 1.1792105310440064,
  "accuracy": 73.2,
  "correct": 7320,
  "samples": 10000,
  "seconds": 18.98434853553772,
  "per_class_accuracy": {
    "apple": 88.0,
    "aquarium_fish": 85.0,
    "baby": 61.0,
    "bear": 54.0,
    "beaver": 59.0,
    "bed": 80.0,
    "bee": 76.0,
    "beetle": 77.0,
    "bicycle": 84.0,
    "bottle": 86.0,
    "bowl": 49.0,
    "boy": 48.0,
    "bridge": 84.0,
    "bus": 64.0,
    "butterfly": 66.0,
    "camel": 79.0,
    "can": 74.0,
    "castle": 87.0,
    "caterpillar": 67.0,
    "cattle": 65.0,
    "chair": 86.0,
    "chimpanzee": 88.0,
    "clock": 70.0,
    "cloud": 88.0,
    "cockroach": 83.0,
    "couch": 62.0,
    "crab": 71.0,
    "crocodile": 54.0,
    "cup": 82.0,
    "dinosaur": 74.0,
    "dolphin": 68.0,
    "elephant": 77.0,
    "flatfish": 67.0,
    "forest": 65.0,
    "fox": 76.0,
    "girl": 53.0,
    "hamster": 78.0,
    "house": 77.0,
    "kangaroo": 66.0,
    "keyboard": 87.0,
    "lamp": 70.0,
    "lawn_mower": 88.0,
    "leopard": 70.0,
    "lion": 87.0,
    "lizard": 54.0,
    "lobster": 57.0,
    "man": 55.0,
    "maple_tree": 72.0,
    "motorcycle": 94.0,
    "mountain": 89.0,
    "mouse": 52.0,
    "mushroom": 73.0,
    "oak_tree": 69.0,
    "orange": 96.0,
    "orchid": 82.0,
    "otter": 50.0,
    "palm_tree": 92.0,
    "pear": 76.0,
    "pickup_truck": 91.0,
    "pine_tree": 71.0,
    "plain": 86.0,
    "plate": 75.0,
    "poppy": 78.0,
    "porcupine": 69.0,
    "possum": 49.0,
    "rabbit": 58.0,
    "raccoon": 73.0,
    "ray": 63.0,
    "road": 95.0,
    "rocket": 84.0,
    "rose": 73.0,
    "sea": 90.0,
    "seal": 45.0,
    "shark": 60.0,
    "shrew": 60.0,
    "skunk": 96.0,
    "skyscraper": 92.0,
    "snail": 63.0,
    "snake": 63.0,
    "spider": 73.0,
    "squirrel": 54.0,
    "streetcar": 81.0,
    "sunflower": 90.0,
    "sweet_pepper": 64.0,
    "table": 68.0,
    "tank": 83.0,
    "telephone": 76.0,
    "television": 83.0,
    "tiger": 83.0,
    "tractor": 85.0,
    "train": 82.0,
    "trout": 80.0,
    "tulip": 59.0,
    "turtle": 50.0,
    "wardrobe": 92.0,
    "whale": 76.0,
    "willow_tree": 70.0,
    "wolf": 82.0,
    "woman": 45.0,
    "worm": 79.0
  }
}
Running 10-view TTA: operator=learnable_gate seed=6543
{
  "checkpoint": "C:\\Users\\jafari.h\\Desktop\\ai_project\\ConvNeXt\\fine_tune_results_v3\\cifar100\\ablation_residual\\learnable_gate\\seed_6543\\best_checkpoint.pth",
  "weights_source": "model",
  "best_validation_accuracy": 70.46,
  "integrity": {
    "missing_keys": [],
    "unexpected_keys": [],
    "shape_mismatches": []
  }
}
{
  "mode": "none",
  "models": 1,
  "views_per_model": 1,
  "forward_passes_per_sample": 1,
  "loss": 1.26068177318573,
  "accuracy": 70.84,
  "correct": 7084,
  "samples": 10000,
  "seconds": 13.582204818725586,
  "per_class_accuracy": {
    "apple": 86.0,
    "aquarium_fish": 82.0,
    "baby": 62.0,
    "bear": 50.0,
    "beaver": 61.0,
    "bed": 77.0,
    "bee": 72.0,
    "beetle": 66.0,
    "bicycle": 83.0,
    "bottle": 80.0,
    "bowl": 49.0,
    "boy": 52.0,
    "bridge": 76.0,
    "bus": 64.0,
    "butterfly": 60.0,
    "camel": 71.0,
    "can": 71.0,
    "castle": 87.0,
    "caterpillar": 61.0,
    "cattle": 62.0,
    "chair": 88.0,
    "chimpanzee": 83.0,
    "clock": 65.0,
    "cloud": 87.0,
    "cockroach": 86.0,
    "couch": 55.0,
    "crab": 59.0,
    "crocodile": 55.0,
    "cup": 84.0,
    "dinosaur": 64.0,
    "dolphin": 73.0,
    "elephant": 76.0,
    "flatfish": 63.0,
    "forest": 58.0,
    "fox": 78.0,
    "girl": 40.0,
    "hamster": 77.0,
    "house": 78.0,
    "kangaroo": 65.0,
    "keyboard": 85.0,
    "lamp": 59.0,
    "lawn_mower": 86.0,
    "leopard": 66.0,
    "lion": 83.0,
    "lizard": 43.0,
    "lobster": 62.0,
    "man": 40.0,
    "maple_tree": 75.0,
    "motorcycle": 94.0,
    "mountain": 90.0,
    "mouse": 53.0,
    "mushroom": 70.0,
    "oak_tree": 74.0,
    "orange": 95.0,
    "orchid": 81.0,
    "otter": 40.0,
    "palm_tree": 92.0,
    "pear": 75.0,
    "pickup_truck": 87.0,
    "pine_tree": 75.0,
    "plain": 90.0,
    "plate": 77.0,
    "poppy": 77.0,
    "porcupine": 68.0,
    "possum": 48.0,
    "rabbit": 56.0,
    "raccoon": 72.0,
    "ray": 55.0,
    "road": 95.0,
    "rocket": 82.0,
    "rose": 66.0,
    "sea": 86.0,
    "seal": 44.0,
    "shark": 56.0,
    "shrew": 56.0,
    "skunk": 87.0,
    "skyscraper": 91.0,
    "snail": 64.0,
    "snake": 61.0,
    "spider": 72.0,
    "squirrel": 49.0,
    "streetcar": 76.0,
    "sunflower": 92.0,
    "sweet_pepper": 65.0,
    "table": 62.0,
    "tank": 83.0,
    "telephone": 72.0,
    "television": 78.0,
    "tiger": 82.0,
    "tractor": 85.0,
    "train": 81.0,
    "trout": 80.0,
    "tulip": 63.0,
    "turtle": 52.0,
    "wardrobe": 93.0,
    "whale": 75.0,
    "willow_tree": 55.0,
    "wolf": 77.0,
    "woman": 50.0,
    "worm": 80.0
  }
}
{
  "mode": "flip_shift",
  "models": 1,
  "views_per_model": 10,
  "forward_passes_per_sample": 10,
  "loss": 1.2309446676254272,
  "accuracy": 71.98,
  "correct": 7198,
  "samples": 10000,
  "seconds": 18.88307523727417,
  "per_class_accuracy": {
    "apple": 89.0,
    "aquarium_fish": 84.0,
    "baby": 65.0,
    "bear": 52.0,
    "beaver": 62.0,
    "bed": 79.0,
    "bee": 76.0,
    "beetle": 67.0,
    "bicycle": 85.0,
    "bottle": 81.0,
    "bowl": 51.0,
    "boy": 51.0,
    "bridge": 77.0,
    "bus": 65.0,
    "butterfly": 60.0,
    "camel": 76.0,
    "can": 74.0,
    "castle": 87.0,
    "caterpillar": 63.0,
    "cattle": 64.0,
    "chair": 88.0,
    "chimpanzee": 89.0,
    "clock": 64.0,
    "cloud": 87.0,
    "cockroach": 86.0,
    "couch": 55.0,
    "crab": 58.0,
    "crocodile": 57.0,
    "cup": 85.0,
    "dinosaur": 68.0,
    "dolphin": 73.0,
    "elephant": 77.0,
    "flatfish": 65.0,
    "forest": 59.0,
    "fox": 77.0,
    "girl": 42.0,
    "hamster": 79.0,
    "house": 79.0,
    "kangaroo": 67.0,
    "keyboard": 86.0,
    "lamp": 60.0,
    "lawn_mower": 88.0,
    "leopard": 67.0,
    "lion": 83.0,
    "lizard": 45.0,
    "lobster": 62.0,
    "man": 41.0,
    "maple_tree": 74.0,
    "motorcycle": 94.0,
    "mountain": 89.0,
    "mouse": 52.0,
    "mushroom": 71.0,
    "oak_tree": 72.0,
    "orange": 96.0,
    "orchid": 82.0,
    "otter": 41.0,
    "palm_tree": 94.0,
    "pear": 77.0,
    "pickup_truck": 88.0,
    "pine_tree": 75.0,
    "plain": 90.0,
    "plate": 79.0,
    "poppy": 77.0,
    "porcupine": 70.0,
    "possum": 49.0,
    "rabbit": 55.0,
    "raccoon": 75.0,
    "ray": 56.0,
    "road": 97.0,
    "rocket": 84.0,
    "rose": 70.0,
    "sea": 88.0,
    "seal": 45.0,
    "shark": 55.0,
    "shrew": 61.0,
    "skunk": 89.0,
    "skyscraper": 91.0,
    "snail": 62.0,
    "snake": 60.0,
    "spider": 75.0,
    "squirrel": 49.0,
    "streetcar": 75.0,
    "sunflower": 90.0,
    "sweet_pepper": 69.0,
    "table": 65.0,
    "tank": 81.0,
    "telephone": 75.0,
    "television": 81.0,
    "tiger": 84.0,
    "tractor": 87.0,
    "train": 82.0,
    "trout": 81.0,
    "tulip": 68.0,
    "turtle": 53.0,
    "wardrobe": 93.0,
    "whale": 74.0,
    "willow_tree": 56.0,
    "wolf": 81.0,
    "woman": 48.0,
    "worm": 78.0
  }
}
Running 10-view TTA: operator=learnable_gate seed=7777
{
  "checkpoint": "C:\\Users\\jafari.h\\Desktop\\ai_project\\ConvNeXt\\fine_tune_results_v3\\cifar100\\ablation_residual\\learnable_gate\\seed_7777\\best_checkpoint.pth",
  "weights_source": "model",
  "best_validation_accuracy": 73.0,
  "integrity": {
    "missing_keys": [],
    "unexpected_keys": [],
    "shape_mismatches": []
  }
}
{
  "mode": "none",
  "models": 1,
  "views_per_model": 1,
  "forward_passes_per_sample": 1,
  "loss": 1.239077145385742,
  "accuracy": 71.64,
  "correct": 7164,
  "samples": 10000,
  "seconds": 13.762645959854126,
  "per_class_accuracy": {
    "apple": 88.0,
    "aquarium_fish": 86.0,
    "baby": 57.0,
    "bear": 48.0,
    "beaver": 59.0,
    "bed": 80.0,
    "bee": 79.0,
    "beetle": 71.0,
    "bicycle": 84.0,
    "bottle": 83.0,
    "bowl": 49.0,
    "boy": 44.0,
    "bridge": 77.0,
    "bus": 61.0,
    "butterfly": 62.0,
    "camel": 75.0,
    "can": 72.0,
    "castle": 87.0,
    "caterpillar": 59.0,
    "cattle": 66.0,
    "chair": 85.0,
    "chimpanzee": 90.0,
    "clock": 69.0,
    "cloud": 86.0,
    "cockroach": 92.0,
    "couch": 60.0,
    "crab": 66.0,
    "crocodile": 53.0,
    "cup": 85.0,
    "dinosaur": 72.0,
    "dolphin": 67.0,
    "elephant": 75.0,
    "flatfish": 61.0,
    "forest": 61.0,
    "fox": 75.0,
    "girl": 50.0,
    "hamster": 74.0,
    "house": 76.0,
    "kangaroo": 62.0,
    "keyboard": 92.0,
    "lamp": 59.0,
    "lawn_mower": 91.0,
    "leopard": 76.0,
    "lion": 85.0,
    "lizard": 50.0,
    "lobster": 59.0,
    "man": 45.0,
    "maple_tree": 71.0,
    "motorcycle": 94.0,
    "mountain": 90.0,
    "mouse": 47.0,
    "mushroom": 72.0,
    "oak_tree": 72.0,
    "orange": 94.0,
    "orchid": 82.0,
    "otter": 37.0,
    "palm_tree": 92.0,
    "pear": 79.0,
    "pickup_truck": 87.0,
    "pine_tree": 67.0,
    "plain": 89.0,
    "plate": 76.0,
    "poppy": 70.0,
    "porcupine": 65.0,
    "possum": 50.0,
    "rabbit": 52.0,
    "raccoon": 68.0,
    "ray": 61.0,
    "road": 95.0,
    "rocket": 80.0,
    "rose": 71.0,
    "sea": 84.0,
    "seal": 50.0,
    "shark": 57.0,
    "shrew": 54.0,
    "skunk": 94.0,
    "skyscraper": 92.0,
    "snail": 71.0,
    "snake": 62.0,
    "spider": 71.0,
    "squirrel": 49.0,
    "streetcar": 73.0,
    "sunflower": 92.0,
    "sweet_pepper": 68.0,
    "table": 68.0,
    "tank": 83.0,
    "telephone": 74.0,
    "television": 84.0,
    "tiger": 85.0,
    "tractor": 80.0,
    "train": 82.0,
    "trout": 82.0,
    "tulip": 56.0,
    "turtle": 45.0,
    "wardrobe": 96.0,
    "whale": 74.0,
    "willow_tree": 64.0,
    "wolf": 82.0,
    "woman": 48.0,
    "worm": 80.0
  }
}
{
  "mode": "flip_shift",
  "models": 1,
  "views_per_model": 10,
  "forward_passes_per_sample": 10,
  "loss": 1.2067139684677124,
  "accuracy": 72.55,
  "correct": 7255,
  "samples": 10000,
  "seconds": 18.95931124687195,
  "per_class_accuracy": {
    "apple": 88.0,
    "aquarium_fish": 85.0,
    "baby": 60.0,
    "bear": 47.0,
    "beaver": 59.0,
    "bed": 85.0,
    "bee": 83.0,
    "beetle": 70.0,
    "bicycle": 84.0,
    "bottle": 84.0,
    "bowl": 50.0,
    "boy": 47.0,
    "bridge": 78.0,
    "bus": 63.0,
    "butterfly": 62.0,
    "camel": 76.0,
    "can": 73.0,
    "castle": 87.0,
    "caterpillar": 62.0,
    "cattle": 69.0,
    "chair": 85.0,
    "chimpanzee": 90.0,
    "clock": 69.0,
    "cloud": 86.0,
    "cockroach": 90.0,
    "couch": 62.0,
    "crab": 67.0,
    "crocodile": 59.0,
    "cup": 85.0,
    "dinosaur": 71.0,
    "dolphin": 68.0,
    "elephant": 78.0,
    "flatfish": 62.0,
    "forest": 63.0,
    "fox": 76.0,
    "girl": 50.0,
    "hamster": 75.0,
    "house": 76.0,
    "kangaroo": 65.0,
    "keyboard": 92.0,
    "lamp": 63.0,
    "lawn_mower": 92.0,
    "leopard": 72.0,
    "lion": 84.0,
    "lizard": 49.0,
    "lobster": 58.0,
    "man": 48.0,
    "maple_tree": 71.0,
    "motorcycle": 96.0,
    "mountain": 89.0,
    "mouse": 45.0,
    "mushroom": 75.0,
    "oak_tree": 71.0,
    "orange": 95.0,
    "orchid": 81.0,
    "otter": 38.0,
    "palm_tree": 92.0,
    "pear": 77.0,
    "pickup_truck": 87.0,
    "pine_tree": 70.0,
    "plain": 90.0,
    "plate": 78.0,
    "poppy": 72.0,
    "porcupine": 64.0,
    "possum": 50.0,
    "rabbit": 53.0,
    "raccoon": 71.0,
    "ray": 61.0,
    "road": 96.0,
    "rocket": 81.0,
    "rose": 73.0,
    "sea": 85.0,
    "seal": 48.0,
    "shark": 61.0,
    "shrew": 53.0,
    "skunk": 94.0,
    "skyscraper": 92.0,
    "snail": 71.0,
    "snake": 62.0,
    "spider": 76.0,
    "squirrel": 49.0,
    "streetcar": 78.0,
    "sunflower": 93.0,
    "sweet_pepper": 72.0,
    "table": 72.0,
    "tank": 82.0,
    "telephone": 76.0,
    "television": 85.0,
    "tiger": 85.0,
    "tractor": 81.0,
    "train": 82.0,
    "trout": 84.0,
    "tulip": 59.0,
    "turtle": 51.0,
    "wardrobe": 96.0,
    "whale": 73.0,
    "willow_tree": 64.0,
    "wolf": 79.0,
    "woman": 51.0,
    "worm": 78.0
  }
}
Saved residual-fusion report: C:\Users\jafari.h\Desktop\ai_project\ConvNeXt\fine_tune_results_v3\cifar100\ablation_residual\RESIDUAL_FUSION_REVIEWER1_COMMENT4.md
Residual-fusion 10-view TTA evaluation complete.
